// Jest Snapshot v1, https://goo.gl/fbAQLP

exports[`renders correctly 1`] = `
<div>
  <div
    class="calendar"
  >
    <div
      class="header"
    >
      <p
        class="selected-year"
      >
        2019
      </p>
      <span
        class="icon arrow-left "
      />
      <p
        class="selected-month"
      >
        Janeiro
      </p>
      <span
        class="icon arrow-right "
      />
    </div>
    <ul
      class="weekdays"
    >
      <li>
        <span>
          DOM
        </span>
      </li>
      <li>
        <span>
          SEG
        </span>
      </li>
      <li>
        <span>
          TER
        </span>
      </li>
      <li>
        <span>
          QUA
        </span>
      </li>
      <li>
        <span>
          QUI
        </span>
      </li>
      <li>
        <span>
          SEX
        </span>
      </li>
      <li>
        <span>
          SAB
        </span>
      </li>
    </ul>
    <ul
      class="month"
    >
      <li
        class="disabled"
      >
        <span>
          30
        </span>
      </li>
      <li
        class="disabled"
      >
        <span>
          31
        </span>
      </li>
      <li>
        <span>
          1
        </span>
      </li>
      <li>
        <span>
          2
        </span>
      </li>
      <li>
        <span>
          3
        </span>
      </li>
      <li>
        <span>
          4
        </span>
      </li>
      <li>
        <span>
          5
        </span>
      </li>
      <li>
        <span>
          6
        </span>
      </li>
      <li>
        <span>
          7
        </span>
      </li>
      <li>
        <span>
          8
        </span>
      </li>
      <li>
        <span>
          9
        </span>
      </li>
      <li>
        <span>
          10
        </span>
      </li>
      <li>
        <span>
          11
        </span>
      </li>
      <li>
        <span>
          12
        </span>
      </li>
      <li>
        <span>
          13
        </span>
      </li>
      <li>
        <span>
          14
        </span>
      </li>
      <li>
        <span>
          15
        </span>
      </li>
      <li>
        <span>
          16
        </span>
      </li>
      <li>
        <span>
          17
        </span>
      </li>
      <li>
        <span>
          18
        </span>
      </li>
      <li>
        <span>
          19
        </span>
      </li>
      <li>
        <span>
          20
        </span>
      </li>
      <li>
        <span>
          21
        </span>
      </li>
      <li>
        <span>
          22
        </span>
      </li>
      <li>
        <span>
          23
        </span>
      </li>
      <li>
        <span>
          24
        </span>
      </li>
      <li>
        <span>
          25
        </span>
      </li>
      <li>
        <span>
          26
        </span>
      </li>
      <li>
        <span>
          27
        </span>
      </li>
      <li>
        <span>
          28
        </span>
      </li>
      <li>
        <span>
          29
        </span>
      </li>
      <li>
        <span>
          30
        </span>
      </li>
      <li>
        <span>
          31
        </span>
      </li>
      <li
        class="disabled"
      >
        <span>
          1
        </span>
      </li>
      <li
        class="disabled"
      >
        <span>
          2
        </span>
      </li>
      <li
        class="disabled"
      >
        <span>
          3
        </span>
      </li>
      <li
        class="disabled"
      >
        <span>
          4
        </span>
      </li>
      <li
        class="disabled"
      >
        <span>
          5
        </span>
      </li>
      <li
        class="disabled"
      >
        <span>
          6
        </span>
      </li>
      <li
        class="disabled"
      >
        <span>
          7
        </span>
      </li>
      <li
        class="disabled"
      >
        <span>
          8
        </span>
      </li>
      <li
        class="disabled"
      >
        <span>
          9
        </span>
      </li>
    </ul>
  </div>
</div>
`;
